Release 14.7 - xst P.20131013 (lin64)
Copyright (c) 1995-2013 Xilinx, Inc.  All rights reserved.
--> 
Parameter TMPDIR set to xst/projnav.tmp


Total REAL time to Xst completion: 1.00 secs
Total CPU time to Xst completion: 0.06 secs
 
--> 
Parameter xsthdpdir set to xst


Total REAL time to Xst completion: 1.00 secs
Total CPU time to Xst completion: 0.06 secs
 
--> 
Reading design: Neander.prj

TABLE OF CONTENTS
  1) Synthesis Options Summary
  2) HDL Compilation
  3) Design Hierarchy Analysis
  4) HDL Analysis
  5) HDL Synthesis
     5.1) HDL Synthesis Report
  6) Advanced HDL Synthesis
     6.1) Advanced HDL Synthesis Report
  7) Low Level Synthesis
  8) Partition Report
  9) Final Report
	9.1) Device utilization summary
	9.2) Partition Resource Summary
	9.3) TIMING REPORT


=========================================================================
*                      Synthesis Options Summary                        *
=========================================================================
---- Source Parameters
Input File Name                    : "Neander.prj"
Input Format                       : mixed
Ignore Synthesis Constraint File   : NO

---- Target Parameters
Output File Name                   : "Neander"
Output Format                      : NGC
Target Device                      : xc3s500e-5-fg320

---- Source Options
Top Module Name                    : Neander
Automatic FSM Extraction           : YES
FSM Encoding Algorithm             : Auto
Safe Implementation                : No
FSM Style                          : LUT
RAM Extraction                     : Yes
RAM Style                          : Auto
ROM Extraction                     : Yes
Mux Style                          : Auto
Decoder Extraction                 : YES
Priority Encoder Extraction        : Yes
Shift Register Extraction          : YES
Logical Shifter Extraction         : YES
XOR Collapsing                     : YES
ROM Style                          : Auto
Mux Extraction                     : Yes
Resource Sharing                   : YES
Asynchronous To Synchronous        : NO
Multiplier Style                   : Auto
Automatic Register Balancing       : No

---- Target Options
Add IO Buffers                     : YES
Global Maximum Fanout              : 100000
Add Generic Clock Buffer(BUFG)     : 24
Register Duplication               : YES
Slice Packing                      : YES
Optimize Instantiated Primitives   : NO
Use Clock Enable                   : Yes
Use Synchronous Set                : Yes
Use Synchronous Reset              : Yes
Pack IO Registers into IOBs        : Auto
Equivalent register Removal        : YES

---- General Options
Optimization Goal                  : Speed
Optimization Effort                : 1
Keep Hierarchy                     : No
Netlist Hierarchy                  : As_Optimized
RTL Output                         : Yes
Global Optimization                : AllClockNets
Read Cores                         : YES
Write Timing Constraints           : NO
Cross Clock Analysis               : NO
Hierarchy Separator                : /
Bus Delimiter                      : <>
Case Specifier                     : Maintain
Slice Utilization Ratio            : 100
BRAM Utilization Ratio             : 100
Verilog 2001                       : YES
Auto BRAM Packing                  : NO
Slice Utilization Ratio Delta      : 5

=========================================================================


=========================================================================
*                          HDL Compilation                              *
=========================================================================
Compiling vhdl file "/home/lucas/work/furg/microprocessados_sistemas/soyuz/ClockDivisor.vhd" in Library work.
Architecture behavioral of Entity clockdivisor is up to date.
Compiling vhdl file "/home/lucas/work/furg/microprocessados_sistemas/soyuz/instruction_decoder.vhd" in Library work.
Architecture behavioral of Entity instructiondecoder is up to date.
Compiling vhdl file "/home/lucas/work/furg/microprocessados_sistemas/soyuz/reg8bits.vhd" in Library work.
Architecture behavioral of Entity reg8bits is up to date.
Compiling vhdl file "/home/lucas/work/furg/microprocessados_sistemas/soyuz/PC.vhd" in Library work.
Architecture behavioral of Entity pc_reg is up to date.
Compiling vhdl file "/home/lucas/work/furg/microprocessados_sistemas/soyuz/mux.vhd" in Library work.
Architecture behavioral of Entity mux is up to date.
Compiling vhdl file "/home/lucas/work/furg/microprocessados_sistemas/soyuz/control_unit.vhd" in Library work.
Entity <control_unit> compiled.
Entity <control_unit> (Architecture <behavioral>) compiled.
Compiling vhdl file "/home/lucas/work/furg/microprocessados_sistemas/soyuz/Neander.vhd" in Library work.
Architecture behavioral of Entity neander is up to date.

=========================================================================
*                     Design Hierarchy Analysis                         *
=========================================================================
Analyzing hierarchy for entity <Neander> in library <work> (architecture <behavioral>).

Analyzing hierarchy for entity <ClockDivisor> in library <work> (architecture <behavioral>).

Analyzing hierarchy for entity <InstructionDecoder> in library <work> (architecture <behavioral>).

Analyzing hierarchy for entity <reg8bits> in library <work> (architecture <behavioral>).

Analyzing hierarchy for entity <PC_reg> in library <work> (architecture <behavioral>).

Analyzing hierarchy for entity <mux> in library <work> (architecture <behavioral>).

Analyzing hierarchy for entity <control_unit> in library <work> (architecture <behavioral>).


=========================================================================
*                            HDL Analysis                               *
=========================================================================
Analyzing Entity <Neander> in library <work> (Architecture <behavioral>).
Entity <Neander> analyzed. Unit <Neander> generated.

Analyzing Entity <ClockDivisor> in library <work> (Architecture <behavioral>).
Entity <ClockDivisor> analyzed. Unit <ClockDivisor> generated.

Analyzing Entity <InstructionDecoder> in library <work> (Architecture <behavioral>).
Entity <InstructionDecoder> analyzed. Unit <InstructionDecoder> generated.

Analyzing Entity <reg8bits> in library <work> (Architecture <behavioral>).
Entity <reg8bits> analyzed. Unit <reg8bits> generated.

Analyzing Entity <PC_reg> in library <work> (Architecture <behavioral>).
Entity <PC_reg> analyzed. Unit <PC_reg> generated.

Analyzing Entity <mux> in library <work> (Architecture <behavioral>).
Entity <mux> analyzed. Unit <mux> generated.

Analyzing Entity <control_unit> in library <work> (Architecture <behavioral>).
Entity <control_unit> analyzed. Unit <control_unit> generated.


=========================================================================
*                           HDL Synthesis                               *
=========================================================================

Performing bidirectional port resolution...

Synthesizing Unit <ClockDivisor>.
    Related source file is "/home/lucas/work/furg/microprocessados_sistemas/soyuz/ClockDivisor.vhd".
    Found 1-bit register for signal <clk_1Hz_aux>.
    Found 25-bit adder for signal <clk_1Hz_aux$add0000> created at line 32.
    Found 25-bit up counter for signal <counter_50M>.
    Summary:
	inferred   1 Counter(s).
	inferred   1 D-type flip-flop(s).
	inferred   1 Adder/Subtractor(s).
Unit <ClockDivisor> synthesized.


Synthesizing Unit <InstructionDecoder>.
    Related source file is "/home/lucas/work/furg/microprocessados_sistemas/soyuz/instruction_decoder.vhd".
WARNING:Xst:647 - Input <opcode<3:0>> is never used. This port will be preserved and left unconnected if it belongs to a top-level block or it belongs to a sub-block and the hierarchy of this sub-block is preserved.
    Found 16x1-bit ROM for signal <sNOP>.
    Summary:
	inferred   1 ROM(s).
Unit <InstructionDecoder> synthesized.


Synthesizing Unit <reg8bits>.
    Related source file is "/home/lucas/work/furg/microprocessados_sistemas/soyuz/reg8bits.vhd".
    Found 8-bit register for signal <aux>.
    Summary:
	inferred   8 D-type flip-flop(s).
Unit <reg8bits> synthesized.


Synthesizing Unit <PC_reg>.
    Related source file is "/home/lucas/work/furg/microprocessados_sistemas/soyuz/PC.vhd".
    Found 8-bit up counter for signal <data_aux>.
    Summary:
	inferred   1 Counter(s).
Unit <PC_reg> synthesized.


Synthesizing Unit <mux>.
    Related source file is "/home/lucas/work/furg/microprocessados_sistemas/soyuz/mux.vhd".
Unit <mux> synthesized.


Synthesizing Unit <control_unit>.
    Related source file is "/home/lucas/work/furg/microprocessados_sistemas/soyuz/control_unit.vhd".
    Register <loadN> equivalent to <loadAC> has been removed
    Register <loadZ> equivalent to <loadAC> has been removed
    Using one-hot encoding for signal <current_state>.
    Found 1-bit register for signal <mdx_sel>.
    Found 1-bit register for signal <loadRDM>.
    Found 1-bit register for signal <loadAC>.
    Found 1-bit register for signal <loadREM>.
    Found 1-bit register for signal <mpx_sel>.
    Found 1-bit register for signal <write_ram>.
    Found 1-bit register for signal <PC_inc>.
    Found 1-bit register for signal <loadPC>.
    Found 3-bit register for signal <sel_ula>.
    Found 1-bit register for signal <loadRI>.
    Found 14-bit register for signal <current_state>.
    Found 14-bit register for signal <next_state>.
    Found 1-bit register for signal <stop_s>.
    Summary:
	inferred  13 D-type flip-flop(s).
Unit <control_unit> synthesized.


Synthesizing Unit <Neander>.
    Related source file is "/home/lucas/work/furg/microprocessados_sistemas/soyuz/Neander.vhd".
WARNING:Xst:646 - Signal <write_ram> is assigned but never used. This unconnected signal will be trimmed during the optimization process.
WARNING:Xst:646 - Signal <ula_selector> is assigned but never used. This unconnected signal will be trimmed during the optimization process.
WARNING:Xst:653 - Signal <ula_out> is used but never assigned. This sourceless signal will be automatically connected to value 00000000.
WARNING:Xst:1780 - Signal <ula_Z> is never used or assigned. This unconnected signal will be trimmed during the optimization process.
WARNING:Xst:1780 - Signal <ula_N> is never used or assigned. This unconnected signal will be trimmed during the optimization process.
WARNING:Xst:653 - Signal <semrdm_sel> is used but never assigned. This sourceless signal will be automatically connected to value 0.
WARNING:Xst:646 - Signal <rem_out> is assigned but never used. This unconnected signal will be trimmed during the optimization process.
WARNING:Xst:653 - Signal <mem_out> is used but never assigned. This sourceless signal will be automatically connected to value 00000000.
WARNING:Xst:646 - Signal <mdx_sel> is assigned but never used. This unconnected signal will be trimmed during the optimization process.
WARNING:Xst:646 - Signal <loadZ> is assigned but never used. This unconnected signal will be trimmed during the optimization process.
WARNING:Xst:646 - Signal <loadN> is assigned but never used. This unconnected signal will be trimmed during the optimization process.
WARNING:Xst:653 - Signal <incPC> is used but never assigned. This sourceless signal will be automatically connected to value 0.
WARNING:Xst:1780 - Signal <PC_output> is never used or assigned. This unconnected signal will be trimmed during the optimization process.
WARNING:Xst:646 - Signal <PC_increment> is assigned but never used. This unconnected signal will be trimmed during the optimization process.
WARNING:Xst:653 - Signal <NZ_outputZ> is used but never assigned. This sourceless signal will be automatically connected to value 0.
WARNING:Xst:653 - Signal <NZ_outputN> is used but never assigned. This sourceless signal will be automatically connected to value 0.
    Found 1-bit register for signal <pulse_aux>.
    Summary:
	inferred   1 D-type flip-flop(s).
Unit <Neander> synthesized.

WARNING:Xst:524 - All outputs of the instance <R_E_M> of the block <reg8bits> are unconnected in block <Neander>.
   This instance will be removed from the design along with all underlying logic
WARNING:Xst:524 - All outputs of the instance <PC> of the block <PC_reg> are unconnected in block <Neander>.
   This instance will be removed from the design along with all underlying logic
WARNING:Xst:524 - All outputs of the instance <MPX> of the block <mux> are unconnected in block <Neander>.
   This instance will be removed from the design along with all underlying logic

=========================================================================
HDL Synthesis Report

Macro Statistics
# ROMs                                                 : 1
 16x1-bit ROM                                          : 1
# Adders/Subtractors                                   : 1
 25-bit adder                                          : 1
# Counters                                             : 1
 25-bit up counter                                     : 1
# Registers                                            : 18
 1-bit register                                        : 12
 14-bit register                                       : 2
 3-bit register                                        : 1
 8-bit register                                        : 3

=========================================================================

=========================================================================
*                       Advanced HDL Synthesis                          *
=========================================================================

WARNING:Xst:1290 - Hierarchical block <AC> is unconnected in block <Neander>.
   It will be removed from the design.
WARNING:Xst:1710 - FF/Latch <aux_4> (without init value) has a constant value of 0 in block <RI>. This FF/Latch will be trimmed during the optimization process.
WARNING:Xst:1710 - FF/Latch <aux_5> (without init value) has a constant value of 0 in block <RI>. This FF/Latch will be trimmed during the optimization process.
WARNING:Xst:1710 - FF/Latch <aux_6> (without init value) has a constant value of 0 in block <RI>. This FF/Latch will be trimmed during the optimization process.
WARNING:Xst:1710 - FF/Latch <aux_7> (without init value) has a constant value of 0 in block <RI>. This FF/Latch will be trimmed during the optimization process.
WARNING:Xst:1710 - FF/Latch <aux_4> (without init value) has a constant value of 0 in block <R_D_M>. This FF/Latch will be trimmed during the optimization process.
WARNING:Xst:1710 - FF/Latch <aux_5> (without init value) has a constant value of 0 in block <R_D_M>. This FF/Latch will be trimmed during the optimization process.
WARNING:Xst:1710 - FF/Latch <aux_6> (without init value) has a constant value of 0 in block <R_D_M>. This FF/Latch will be trimmed during the optimization process.
WARNING:Xst:1710 - FF/Latch <aux_7> (without init value) has a constant value of 0 in block <R_D_M>. This FF/Latch will be trimmed during the optimization process.
WARNING:Xst:2677 - Node <aux_0> of sequential type is unconnected in block <RI>.
WARNING:Xst:2677 - Node <aux_1> of sequential type is unconnected in block <RI>.
WARNING:Xst:2677 - Node <aux_2> of sequential type is unconnected in block <RI>.
WARNING:Xst:2677 - Node <aux_3> of sequential type is unconnected in block <RI>.
WARNING:Xst:2677 - Node <aux_0> of sequential type is unconnected in block <R_D_M>.
WARNING:Xst:2677 - Node <aux_1> of sequential type is unconnected in block <R_D_M>.
WARNING:Xst:2677 - Node <aux_2> of sequential type is unconnected in block <R_D_M>.
WARNING:Xst:2677 - Node <aux_3> of sequential type is unconnected in block <R_D_M>.
WARNING:Xst:1290 - Hierarchical block <R_D_M> is unconnected in block <Neander>.
   It will be removed from the design.
WARNING:Xst:1290 - Hierarchical block <SEMRDM> is unconnected in block <Neander>.
   It will be removed from the design.
WARNING:Xst:2677 - Node <loadRDM> of sequential type is unconnected in block <CU>.
WARNING:Xst:2677 - Node <loadRI> of sequential type is unconnected in block <CU>.
WARNING:Xst:2677 - Node <0> of sequential type is unconnected in block <current_state>.
WARNING:Xst:2677 - Node <1> of sequential type is unconnected in block <current_state>.
WARNING:Xst:2677 - Node <3> of sequential type is unconnected in block <current_state>.
WARNING:Xst:2677 - Node <6> of sequential type is unconnected in block <current_state>.
WARNING:Xst:2677 - Node <4> of sequential type is unconnected in block <current_state>.
WARNING:Xst:2677 - Node <5> of sequential type is unconnected in block <current_state>.
WARNING:Xst:2677 - Node <7> of sequential type is unconnected in block <current_state>.
WARNING:Xst:2677 - Node <8> of sequential type is unconnected in block <current_state>.
WARNING:Xst:2677 - Node <9> of sequential type is unconnected in block <current_state>.
WARNING:Xst:2677 - Node <10> of sequential type is unconnected in block <current_state>.
WARNING:Xst:2677 - Node <11> of sequential type is unconnected in block <current_state>.
WARNING:Xst:2677 - Node <12> of sequential type is unconnected in block <current_state>.
WARNING:Xst:2677 - Node <0> of sequential type is unconnected in block <next_state>.
WARNING:Xst:2677 - Node <1> of sequential type is unconnected in block <next_state>.
WARNING:Xst:2677 - Node <3> of sequential type is unconnected in block <next_state>.
WARNING:Xst:2677 - Node <6> of sequential type is unconnected in block <next_state>.
WARNING:Xst:2677 - Node <4> of sequential type is unconnected in block <next_state>.
WARNING:Xst:2677 - Node <5> of sequential type is unconnected in block <next_state>.
WARNING:Xst:2677 - Node <7> of sequential type is unconnected in block <next_state>.
WARNING:Xst:2677 - Node <8> of sequential type is unconnected in block <next_state>.
WARNING:Xst:2677 - Node <9> of sequential type is unconnected in block <next_state>.
WARNING:Xst:2677 - Node <10> of sequential type is unconnected in block <next_state>.
WARNING:Xst:2677 - Node <11> of sequential type is unconnected in block <next_state>.
WARNING:Xst:2677 - Node <12> of sequential type is unconnected in block <next_state>.

=========================================================================
Advanced HDL Synthesis Report

Macro Statistics
# ROMs                                                 : 1
 16x1-bit ROM                                          : 1
# Adders/Subtractors                                   : 1
 25-bit adder                                          : 1
# Counters                                             : 1
 25-bit up counter                                     : 1
# Registers                                            : 67
 Flip-Flops                                            : 67

=========================================================================

=========================================================================
*                         Low Level Synthesis                           *
=========================================================================
WARNING:Xst:1899 - Due to constant pushing, all outputs of the instance <AC> of the block <reg8bits> are unconnected in block <Neander>.
   This instance will be removed from the design along with all underlying logic

Optimizing unit <Neander> ...

Optimizing unit <reg8bits> ...

Optimizing unit <control_unit> ...
WARNING:Xst:1710 - FF/Latch <R_D_M/aux_7> (without init value) has a constant value of 0 in block <Neander>. This FF/Latch will be trimmed during the optimization process.
WARNING:Xst:1895 - Due to other FF/Latch trimming, FF/Latch <R_D_M/aux_6> (without init value) has a constant value of 0 in block <Neander>. This FF/Latch will be trimmed during the optimization process.
WARNING:Xst:1895 - Due to other FF/Latch trimming, FF/Latch <R_D_M/aux_5> (without init value) has a constant value of 0 in block <Neander>. This FF/Latch will be trimmed during the optimization process.
WARNING:Xst:1895 - Due to other FF/Latch trimming, FF/Latch <R_D_M/aux_4> (without init value) has a constant value of 0 in block <Neander>. This FF/Latch will be trimmed during the optimization process.
WARNING:Xst:1896 - Due to other FF/Latch trimming, FF/Latch <CU/next_state_10> has a constant value of 0 in block <Neander>. This FF/Latch will be trimmed during the optimization process.
WARNING:Xst:1896 - Due to other FF/Latch trimming, FF/Latch <CU/next_state_13> has a constant value of 0 in block <Neander>. This FF/Latch will be trimmed during the optimization process.
WARNING:Xst:1896 - Due to other FF/Latch trimming, FF/Latch <CU/next_state_11> has a constant value of 0 in block <Neander>. This FF/Latch will be trimmed during the optimization process.
WARNING:Xst:1895 - Due to other FF/Latch trimming, FF/Latch <RI/aux_7> (without init value) has a constant value of 0 in block <Neander>. This FF/Latch will be trimmed during the optimization process.
WARNING:Xst:1895 - Due to other FF/Latch trimming, FF/Latch <RI/aux_6> (without init value) has a constant value of 0 in block <Neander>. This FF/Latch will be trimmed during the optimization process.
WARNING:Xst:1895 - Due to other FF/Latch trimming, FF/Latch <RI/aux_5> (without init value) has a constant value of 0 in block <Neander>. This FF/Latch will be trimmed during the optimization process.
WARNING:Xst:1895 - Due to other FF/Latch trimming, FF/Latch <RI/aux_4> (without init value) has a constant value of 0 in block <Neander>. This FF/Latch will be trimmed during the optimization process.
WARNING:Xst:1896 - Due to other FF/Latch trimming, FF/Latch <CU/current_state_10> has a constant value of 0 in block <Neander>. This FF/Latch will be trimmed during the optimization process.
WARNING:Xst:1896 - Due to other FF/Latch trimming, FF/Latch <CU/current_state_13> has a constant value of 0 in block <Neander>. This FF/Latch will be trimmed during the optimization process.
WARNING:Xst:1896 - Due to other FF/Latch trimming, FF/Latch <CU/current_state_11> has a constant value of 0 in block <Neander>. This FF/Latch will be trimmed during the optimization process.
WARNING:Xst:1895 - Due to other FF/Latch trimming, FF/Latch <CU/stop_s> (without init value) has a constant value of 0 in block <Neander>. This FF/Latch will be trimmed during the optimization process.
WARNING:Xst:2677 - Node <R_D_M/aux_3> of sequential type is unconnected in block <Neander>.
WARNING:Xst:2677 - Node <R_D_M/aux_2> of sequential type is unconnected in block <Neander>.
WARNING:Xst:2677 - Node <R_D_M/aux_1> of sequential type is unconnected in block <Neander>.
WARNING:Xst:2677 - Node <R_D_M/aux_0> of sequential type is unconnected in block <Neander>.
WARNING:Xst:2677 - Node <RI/aux_3> of sequential type is unconnected in block <Neander>.
WARNING:Xst:2677 - Node <RI/aux_2> of sequential type is unconnected in block <Neander>.
WARNING:Xst:2677 - Node <RI/aux_1> of sequential type is unconnected in block <Neander>.
WARNING:Xst:2677 - Node <RI/aux_0> of sequential type is unconnected in block <Neander>.
WARNING:Xst:2677 - Node <CU/mdx_sel> of sequential type is unconnected in block <Neander>.
WARNING:Xst:2677 - Node <CU/PC_inc> of sequential type is unconnected in block <Neander>.
WARNING:Xst:2677 - Node <CU/loadAC> of sequential type is unconnected in block <Neander>.
WARNING:Xst:2677 - Node <CU/loadREM> of sequential type is unconnected in block <Neander>.
WARNING:Xst:2677 - Node <CU/write_ram> of sequential type is unconnected in block <Neander>.
WARNING:Xst:2677 - Node <CU/loadPC> of sequential type is unconnected in block <Neander>.
WARNING:Xst:2677 - Node <CU/sel_ula_2> of sequential type is unconnected in block <Neander>.
WARNING:Xst:2677 - Node <CU/sel_ula_1> of sequential type is unconnected in block <Neander>.
WARNING:Xst:2677 - Node <CU/sel_ula_0> of sequential type is unconnected in block <Neander>.
WARNING:Xst:2677 - Node <CU/mpx_sel> of sequential type is unconnected in block <Neander>.
WARNING:Xst:2677 - Node <CU/current_state_0> of sequential type is unconnected in block <Neander>.
WARNING:Xst:2677 - Node <CU/current_state_1> of sequential type is unconnected in block <Neander>.
WARNING:Xst:2677 - Node <CU/current_state_2> of sequential type is unconnected in block <Neander>.
WARNING:Xst:2677 - Node <CU/current_state_3> of sequential type is unconnected in block <Neander>.
WARNING:Xst:2677 - Node <CU/current_state_6> of sequential type is unconnected in block <Neander>.
WARNING:Xst:2677 - Node <CU/current_state_4> of sequential type is unconnected in block <Neander>.
WARNING:Xst:2677 - Node <CU/current_state_5> of sequential type is unconnected in block <Neander>.
WARNING:Xst:2677 - Node <CU/current_state_7> of sequential type is unconnected in block <Neander>.
WARNING:Xst:2677 - Node <CU/current_state_8> of sequential type is unconnected in block <Neander>.
WARNING:Xst:2677 - Node <CU/current_state_9> of sequential type is unconnected in block <Neander>.
WARNING:Xst:2677 - Node <CU/current_state_12> of sequential type is unconnected in block <Neander>.
WARNING:Xst:2677 - Node <CU/next_state_0> of sequential type is unconnected in block <Neander>.
WARNING:Xst:2677 - Node <CU/next_state_1> of sequential type is unconnected in block <Neander>.
WARNING:Xst:2677 - Node <CU/next_state_2> of sequential type is unconnected in block <Neander>.
WARNING:Xst:2677 - Node <CU/next_state_3> of sequential type is unconnected in block <Neander>.
WARNING:Xst:2677 - Node <CU/next_state_6> of sequential type is unconnected in block <Neander>.
WARNING:Xst:2677 - Node <CU/next_state_4> of sequential type is unconnected in block <Neander>.
WARNING:Xst:2677 - Node <CU/next_state_5> of sequential type is unconnected in block <Neander>.
WARNING:Xst:2677 - Node <CU/next_state_7> of sequential type is unconnected in block <Neander>.
WARNING:Xst:2677 - Node <CU/next_state_8> of sequential type is unconnected in block <Neander>.
WARNING:Xst:2677 - Node <CU/next_state_9> of sequential type is unconnected in block <Neander>.
WARNING:Xst:2677 - Node <CU/next_state_12> of sequential type is unconnected in block <Neander>.
WARNING:Xst:2677 - Node <CU/loadRDM> of sequential type is unconnected in block <Neander>.
WARNING:Xst:2677 - Node <CU/loadRI> of sequential type is unconnected in block <Neander>.

Mapping all equations...
Building and optimizing final netlist ...
Found area constraint ratio of 100 (+ 5) on block Neander, actual ratio is 0.

Final Macro Processing ...

=========================================================================
Final Register Report

Macro Statistics
# Registers                                            : 27
 Flip-Flops                                            : 27

=========================================================================

=========================================================================
*                           Partition Report                            *
=========================================================================

Partition Implementation Status
-------------------------------

  No Partitions were found in this design.

-------------------------------

=========================================================================
*                            Final Report                               *
=========================================================================
Final Results
RTL Top Level Output File Name     : Neander.ngr
Top Level Output File Name         : Neander
Output Format                      : NGC
Optimization Goal                  : Speed
Keep Hierarchy                     : No

Design Statistics
# IOs                              : 4

Cell Usage :
# BELS                             : 191
#      GND                         : 1
#      INV                         : 3
#      LUT1                        : 49
#      LUT2                        : 26
#      LUT4                        : 6
#      MUXCY                       : 55
#      VCC                         : 1
#      XORCY                       : 50
# FlipFlops/Latches                : 27
#      FDC                         : 25
#      FDE                         : 1
#      FDR                         : 1
# Clock Buffers                    : 1
#      BUFGP                       : 1
# IO Buffers                       : 3
#      IBUF                        : 1
#      OBUF                        : 2
=========================================================================

Device utilization summary:
---------------------------

Selected Device : 3s500efg320-5 

 Number of Slices:                       46  out of   4656     0%  
 Number of Slice Flip Flops:             27  out of   9312     0%  
 Number of 4 input LUTs:                 84  out of   9312     0%  
 Number of IOs:                           4
 Number of bonded IOBs:                   4  out of    232     1%  
 Number of GCLKs:                         1  out of     24     4%  

---------------------------
Partition Resource Summary:
---------------------------

  No Partitions were found in this design.

---------------------------


=========================================================================
TIMING REPORT

NOTE: THESE TIMING NUMBERS ARE ONLY A SYNTHESIS ESTIMATE.
      FOR ACCURATE TIMING INFORMATION PLEASE REFER TO THE TRACE REPORT
      GENERATED AFTER PLACE-and-ROUTE.

Clock Information:
------------------
-----------------------------------+------------------------+-------+
Clock Signal                       | Clock buffer(FF name)  | Load  |
-----------------------------------+------------------------+-------+
clk                                | BUFGP                  | 26    |
divisor/clk_1Hz_aux                | NONE(pulse_aux)        | 1     |
-----------------------------------+------------------------+-------+
INFO:Xst:2169 - HDL ADVISOR - Some clock signals were not automatically buffered by XST with BUFG/BUFR resources. Please use the buffer_type constraint in order to insert these buffers to the clock signals to help prevent skew problems.

Asynchronous Control Signals Information:
----------------------------------------
-----------------------------------+------------------------+-------+
Control Signal                     | Buffer(FF name)        | Load  |
-----------------------------------+------------------------+-------+
reset                              | IBUF                   | 25    |
-----------------------------------+------------------------+-------+

Timing Summary:
---------------
Speed Grade: -5

   Minimum period: 8.359ns (Maximum Frequency: 119.628MHz)
   Minimum input arrival time before clock: 3.781ns
   Maximum output required time after clock: 4.063ns
   Maximum combinational path delay: No path found

Timing Detail:
--------------
All values displayed in nanoseconds (ns)

=========================================================================
Timing constraint: Default period analysis for Clock 'clk'
  Clock period: 8.359ns (frequency: 119.628MHz)
  Total number of paths / destination ports: 8776 / 27
-------------------------------------------------------------------------
Delay:               8.359ns (Levels of Logic = 28)
  Source:            divisor/counter_50M_1 (FF)
  Destination:       divisor/clk_1Hz_aux (FF)
  Source Clock:      clk rising
  Destination Clock: clk rising

  Data Path: divisor/counter_50M_1 to divisor/clk_1Hz_aux
                                Gate     Net
    Cell:in->out      fanout   Delay   Delay  Logical Name (Net Name)
    ----------------------------------------  ------------
     FDC:C->Q              2   0.514   0.532  divisor/counter_50M_1 (divisor/counter_50M_1)
     LUT1:I0->O            1   0.612   0.000  divisor/Madd_clk_1Hz_aux_add0000_cy<1>_rt (divisor/Madd_clk_1Hz_aux_add0000_cy<1>_rt)
     MUXCY:S->O            1   0.404   0.000  divisor/Madd_clk_1Hz_aux_add0000_cy<1> (divisor/Madd_clk_1Hz_aux_add0000_cy<1>)
     MUXCY:CI->O           1   0.051   0.000  divisor/Madd_clk_1Hz_aux_add0000_cy<2> (divisor/Madd_clk_1Hz_aux_add0000_cy<2>)
     MUXCY:CI->O           1   0.051   0.000  divisor/Madd_clk_1Hz_aux_add0000_cy<3> (divisor/Madd_clk_1Hz_aux_add0000_cy<3>)
     MUXCY:CI->O           1   0.051   0.000  divisor/Madd_clk_1Hz_aux_add0000_cy<4> (divisor/Madd_clk_1Hz_aux_add0000_cy<4>)
     MUXCY:CI->O           1   0.051   0.000  divisor/Madd_clk_1Hz_aux_add0000_cy<5> (divisor/Madd_clk_1Hz_aux_add0000_cy<5>)
     MUXCY:CI->O           1   0.051   0.000  divisor/Madd_clk_1Hz_aux_add0000_cy<6> (divisor/Madd_clk_1Hz_aux_add0000_cy<6>)
     MUXCY:CI->O           1   0.051   0.000  divisor/Madd_clk_1Hz_aux_add0000_cy<7> (divisor/Madd_clk_1Hz_aux_add0000_cy<7>)
     MUXCY:CI->O           1   0.051   0.000  divisor/Madd_clk_1Hz_aux_add0000_cy<8> (divisor/Madd_clk_1Hz_aux_add0000_cy<8>)
     MUXCY:CI->O           1   0.051   0.000  divisor/Madd_clk_1Hz_aux_add0000_cy<9> (divisor/Madd_clk_1Hz_aux_add0000_cy<9>)
     MUXCY:CI->O           1   0.051   0.000  divisor/Madd_clk_1Hz_aux_add0000_cy<10> (divisor/Madd_clk_1Hz_aux_add0000_cy<10>)
     MUXCY:CI->O           1   0.051   0.000  divisor/Madd_clk_1Hz_aux_add0000_cy<11> (divisor/Madd_clk_1Hz_aux_add0000_cy<11>)
     MUXCY:CI->O           1   0.051   0.000  divisor/Madd_clk_1Hz_aux_add0000_cy<12> (divisor/Madd_clk_1Hz_aux_add0000_cy<12>)
     MUXCY:CI->O           1   0.051   0.000  divisor/Madd_clk_1Hz_aux_add0000_cy<13> (divisor/Madd_clk_1Hz_aux_add0000_cy<13>)
     MUXCY:CI->O           1   0.051   0.000  divisor/Madd_clk_1Hz_aux_add0000_cy<14> (divisor/Madd_clk_1Hz_aux_add0000_cy<14>)
     MUXCY:CI->O           1   0.051   0.000  divisor/Madd_clk_1Hz_aux_add0000_cy<15> (divisor/Madd_clk_1Hz_aux_add0000_cy<15>)
     MUXCY:CI->O           1   0.051   0.000  divisor/Madd_clk_1Hz_aux_add0000_cy<16> (divisor/Madd_clk_1Hz_aux_add0000_cy<16>)
     MUXCY:CI->O           1   0.051   0.000  divisor/Madd_clk_1Hz_aux_add0000_cy<17> (divisor/Madd_clk_1Hz_aux_add0000_cy<17>)
     XORCY:CI->O           1   0.699   0.509  divisor/Madd_clk_1Hz_aux_add0000_xor<18> (divisor/clk_1Hz_aux_add0000<18>)
     LUT1:I0->O            1   0.612   0.000  divisor/counter_50M_cmp_eq0000_wg_cy<0>_rt (divisor/counter_50M_cmp_eq0000_wg_cy<0>_rt)
     MUXCY:S->O            1   0.404   0.000  divisor/counter_50M_cmp_eq0000_wg_cy<0> (divisor/counter_50M_cmp_eq0000_wg_cy<0>)
     MUXCY:CI->O           1   0.052   0.000  divisor/counter_50M_cmp_eq0000_wg_cy<1> (divisor/counter_50M_cmp_eq0000_wg_cy<1>)
     MUXCY:CI->O           1   0.052   0.000  divisor/counter_50M_cmp_eq0000_wg_cy<2> (divisor/counter_50M_cmp_eq0000_wg_cy<2>)
     MUXCY:CI->O           1   0.052   0.000  divisor/counter_50M_cmp_eq0000_wg_cy<3> (divisor/counter_50M_cmp_eq0000_wg_cy<3>)
     MUXCY:CI->O           1   0.052   0.000  divisor/counter_50M_cmp_eq0000_wg_cy<4> (divisor/counter_50M_cmp_eq0000_wg_cy<4>)
     MUXCY:CI->O           1   0.052   0.000  divisor/counter_50M_cmp_eq0000_wg_cy<5> (divisor/counter_50M_cmp_eq0000_wg_cy<5>)
     MUXCY:CI->O          26   0.399   1.140  divisor/counter_50M_cmp_eq0000_wg_cy<6> (divisor/counter_50M_cmp_eq0000)
     LUT2:I1->O            1   0.612   0.357  divisor/clk_1Hz_aux_and00001 (divisor/clk_1Hz_aux_and0000)
     FDE:CE                    0.483          divisor/clk_1Hz_aux
    ----------------------------------------
    Total                      8.359ns (5.821ns logic, 2.538ns route)
                                       (69.6% logic, 30.4% route)

=========================================================================
Timing constraint: Default period analysis for Clock 'divisor/clk_1Hz_aux'
  Clock period: 1.689ns (frequency: 592.084MHz)
  Total number of paths / destination ports: 1 / 1
-------------------------------------------------------------------------
Delay:               1.689ns (Levels of Logic = 0)
  Source:            pulse_aux (FF)
  Destination:       pulse_aux (FF)
  Source Clock:      divisor/clk_1Hz_aux rising
  Destination Clock: divisor/clk_1Hz_aux rising

  Data Path: pulse_aux to pulse_aux
                                Gate     Net
    Cell:in->out      fanout   Delay   Delay  Logical Name (Net Name)
    ----------------------------------------  ------------
     FDR:C->Q              2   0.514   0.380  pulse_aux (pulse_aux)
     FDR:R                     0.795          pulse_aux
    ----------------------------------------
    Total                      1.689ns (1.309ns logic, 0.380ns route)
                                       (77.5% logic, 22.5% route)

=========================================================================
Timing constraint: Default OFFSET IN BEFORE for Clock 'clk'
  Total number of paths / destination ports: 1 / 1
-------------------------------------------------------------------------
Offset:              3.781ns (Levels of Logic = 2)
  Source:            reset (PAD)
  Destination:       divisor/clk_1Hz_aux (FF)
  Destination Clock: clk rising

  Data Path: reset to divisor/clk_1Hz_aux
                                Gate     Net
    Cell:in->out      fanout   Delay   Delay  Logical Name (Net Name)
    ----------------------------------------  ------------
     IBUF:I->O            26   1.106   1.223  reset_IBUF (reset_IBUF)
     LUT2:I0->O            1   0.612   0.357  divisor/clk_1Hz_aux_and00001 (divisor/clk_1Hz_aux_and0000)
     FDE:CE                    0.483          divisor/clk_1Hz_aux
    ----------------------------------------
    Total                      3.781ns (2.201ns logic, 1.580ns route)
                                       (58.2% logic, 41.8% route)

=========================================================================
Timing constraint: Default OFFSET OUT AFTER for Clock 'divisor/clk_1Hz_aux'
  Total number of paths / destination ports: 1 / 1
-------------------------------------------------------------------------
Offset:              4.063ns (Levels of Logic = 1)
  Source:            pulse_aux (FF)
  Destination:       pulsing (PAD)
  Source Clock:      divisor/clk_1Hz_aux rising

  Data Path: pulse_aux to pulsing
                                Gate     Net
    Cell:in->out      fanout   Delay   Delay  Logical Name (Net Name)
    ----------------------------------------  ------------
     FDR:C->Q              2   0.514   0.380  pulse_aux (pulse_aux)
     OBUF:I->O                 3.169          pulsing_OBUF (pulsing)
    ----------------------------------------
    Total                      4.063ns (3.683ns logic, 0.380ns route)
                                       (90.6% logic, 9.4% route)

=========================================================================


Total REAL time to Xst completion: 5.00 secs
Total CPU time to Xst completion: 4.56 secs
 
--> 


Total memory usage is 517820 kilobytes

Number of errors   :    0 (   0 filtered)
Number of warnings :  123 (   0 filtered)
Number of infos    :    1 (   0 filtered)

