AR mux behavioral /home/lucas/work/furg/microprocessados_sistemas/soyuz/mux.vhd sub00/vhpl11 1512068926
AR instructiondecoder behavioral /home/lucas/work/furg/microprocessados_sistemas/soyuz/instruction_decoder.vhd sub00/vhpl07 1512068920
AR control_unit behavioral /home/lucas/work/furg/microprocessados_sistemas/soyuz/control_unit.vhd sub00/vhpl15 1512068928
AR clockdivisor behavioral /home/lucas/work/furg/microprocessados_sistemas/soyuz/ClockDivisor.vhd sub00/vhpl05 1512068918
EN neander NULL /home/lucas/work/furg/microprocessados_sistemas/soyuz/Neander.vhd sub00/vhpl12 1512068929
AR reg8bits behavioral /home/lucas/work/furg/microprocessados_sistemas/soyuz/reg8bits.vhd sub00/vhpl03 1512068922
EN pc NULL C:/Users/Jorge/Downloads/Compressed/soyuz-master/PC.vhd sub00/vhpl00 1511921433
EN instructiondecoder NULL /home/lucas/work/furg/microprocessados_sistemas/soyuz/instruction_decoder.vhd sub00/vhpl06 1512068919
EN pc_reg NULL /home/lucas/work/furg/microprocessados_sistemas/soyuz/PC.vhd sub00/vhpl08 1512068923
AR pc_reg behavioral /home/lucas/work/furg/microprocessados_sistemas/soyuz/PC.vhd sub00/vhpl09 1512068924
EN mux NULL /home/lucas/work/furg/microprocessados_sistemas/soyuz/mux.vhd sub00/vhpl10 1512068925
EN clockdivisor NULL /home/lucas/work/furg/microprocessados_sistemas/soyuz/ClockDivisor.vhd sub00/vhpl04 1512068917
EN control_unit NULL /home/lucas/work/furg/microprocessados_sistemas/soyuz/control_unit.vhd sub00/vhpl14 1512068927
AR pc behavioral C:/Users/Jorge/Downloads/Compressed/soyuz-master/PC.vhd sub00/vhpl01 1511921434
EN reg8bits NULL /home/lucas/work/furg/microprocessados_sistemas/soyuz/reg8bits.vhd sub00/vhpl02 1512068921
AR neander behavioral /home/lucas/work/furg/microprocessados_sistemas/soyuz/Neander.vhd sub00/vhpl13 1512068930
