V3 8
FL C:/Users/Jorge/Downloads/Compressed/soyuz-master/PC.vhd 2017/11/28.23:56:57 P.20131013
EN work/PC 1511921433 FL C:/Users/Jorge/Downloads/Compressed/soyuz-master/PC.vhd \
      PB ieee/std_logic_1164 1381692176 PB ieee/NUMERIC_STD 1381692181
AR work/PC/Behavioral 1511921434 \
      FL C:/Users/Jorge/Downloads/Compressed/soyuz-master/PC.vhd EN work/PC 1511921433
FL C:/Users/Jorge/Downloads/Compressed/soyuz-master/reg8bits.vhd 2017/11/29.00:12:10 P.20131013
EN work/reg8bits 1511926988 \
      FL C:/Users/Jorge/Downloads/Compressed/soyuz-master/reg8bits.vhd \
      PB ieee/std_logic_1164 1381692176
AR work/reg8bits/Behavioral 1511926989 \
      FL C:/Users/Jorge/Downloads/Compressed/soyuz-master/reg8bits.vhd \
      EN work/reg8bits 1511926988
