V3 31
FL /home/lucas/work/furg/microprocessados_sistemas/soyuz/ClockDivisor.vhd 2017/10/26.00:53:37 P.20131013
EN work/ClockDivisor 1512068917 \
      FL /home/lucas/work/furg/microprocessados_sistemas/soyuz/ClockDivisor.vhd \
      PB ieee/std_logic_1164 1381692176
AR work/ClockDivisor/Behavioral 1512068918 \
      FL /home/lucas/work/furg/microprocessados_sistemas/soyuz/ClockDivisor.vhd \
      EN work/ClockDivisor 1512068917
FL /home/lucas/work/furg/microprocessados_sistemas/soyuz/control_unit.vhd 2017/11/30.17:07:46 P.20131013
EN work/control_unit 1512068927 \
      FL /home/lucas/work/furg/microprocessados_sistemas/soyuz/control_unit.vhd \
      PB ieee/std_logic_1164 1381692176 PB ieee/std_logic_arith 1381692177 \
      PB ieee/STD_LOGIC_UNSIGNED 1381692179
AR work/control_unit/Behavioral 1512068928 \
      FL /home/lucas/work/furg/microprocessados_sistemas/soyuz/control_unit.vhd \
      EN work/control_unit 1512068927
FL /home/lucas/work/furg/microprocessados_sistemas/soyuz/instruction_decoder.vhd 2017/11/12.20:55:29 P.20131013
EN work/InstructionDecoder 1512068919 \
      FL /home/lucas/work/furg/microprocessados_sistemas/soyuz/instruction_decoder.vhd \
      PB ieee/std_logic_1164 1381692176 PB ieee/NUMERIC_STD 1381692181
AR work/InstructionDecoder/Behavioral 1512068920 \
      FL /home/lucas/work/furg/microprocessados_sistemas/soyuz/instruction_decoder.vhd \
      EN work/InstructionDecoder 1512068919
FL /home/lucas/work/furg/microprocessados_sistemas/soyuz/mux.vhd 2017/11/30.13:37:46 P.20131013
EN work/mux 1512068925 \
      FL /home/lucas/work/furg/microprocessados_sistemas/soyuz/mux.vhd \
      PB ieee/std_logic_1164 1381692176
AR work/mux/Behavioral 1512068926 \
      FL /home/lucas/work/furg/microprocessados_sistemas/soyuz/mux.vhd \
      EN work/mux 1512068925
FL /home/lucas/work/furg/microprocessados_sistemas/soyuz/Neander.vhd 2017/11/30.16:44:11 P.20131013
EN work/Neander 1512068929 \
      FL /home/lucas/work/furg/microprocessados_sistemas/soyuz/Neander.vhd \
      PB ieee/std_logic_1164 1381692176 PB ieee/STD_LOGIC_UNSIGNED 1381692179 \
      PB ieee/NUMERIC_STD 1381692181
AR work/Neander/Behavioral 1512068930 \
      FL /home/lucas/work/furg/microprocessados_sistemas/soyuz/Neander.vhd \
      EN work/Neander 1512068929 CP ClockDivisor CP InstructionDecoder CP reg8bits \
      CP PC_reg CP mux CP control_unit
FL /home/lucas/work/furg/microprocessados_sistemas/soyuz/PC.vhd 2017/11/30.13:37:46 P.20131013
EN work/PC_reg 1512068923 \
      FL /home/lucas/work/furg/microprocessados_sistemas/soyuz/PC.vhd \
      PB ieee/std_logic_1164 1381692176 PB ieee/NUMERIC_STD 1381692181
AR work/PC_reg/Behavioral 1512068924 \
      FL /home/lucas/work/furg/microprocessados_sistemas/soyuz/PC.vhd \
      EN work/PC_reg 1512068923
FL /home/lucas/work/furg/microprocessados_sistemas/soyuz/reg8bits.vhd 2017/11/30.13:37:46 P.20131013
EN work/reg8bits 1512068921 \
      FL /home/lucas/work/furg/microprocessados_sistemas/soyuz/reg8bits.vhd \
      PB ieee/std_logic_1164 1381692176
AR work/reg8bits/Behavioral 1512068922 \
      FL /home/lucas/work/furg/microprocessados_sistemas/soyuz/reg8bits.vhd \
      EN work/reg8bits 1512068921
FL C:/Users/Jorge/Downloads/Compressed/soyuz-master/PC.vhd 2017/11/28.23:56:57 P.20131013
EN work/PC 1511921433 FL C:/Users/Jorge/Downloads/Compressed/soyuz-master/PC.vhd \
      PB ieee/std_logic_1164 1381692176 PB ieee/NUMERIC_STD 1381692181
AR work/PC/Behavioral 1511921434 \
      FL C:/Users/Jorge/Downloads/Compressed/soyuz-master/PC.vhd EN work/PC 1511921433
FL C:/Users/Jorge/Downloads/Compressed/soyuz-master/reg8bits.vhd 2017/11/29.00:12:10 P.20131013
